// Jest Snapshot v1, https://goo.gl/fbAQLP

exports[`renders correctly 1`] = `
Array [
  <h2>
    Search For Your Books
  </h2>,
  <div
    className="library__search-container"
  >
    <input
      className="form-control"
      onChange={[Function]}
      onKeyDown={[Function]}
      placeholder="Enter a search term"
      type="text"
      value=""
    />
    <div
      className="btn-group"
      role="group"
    >
      <button
        aria-label={null}
        className="btn btn-primary"
        onClick={[Function]}
        type="button"
      >
        Search
      </button>
      <button
        aria-label={null}
        className="btn btn-danger"
        onClick={[Function]}
        type="button"
      >
        X
      </button>
    </div>
  </div>,
]
`;
